// Jest Snapshot v1, https://goo.gl/fbAQLP

exports[`Pruebas en GiffGridItem should renderize AddCategory component 1`] = `
<form
  action=""
  onSubmit={[Function]}
>
  <input
    onChange={[Function]}
    type="text"
    value=""
  />
</form>
`;
